current directory: /home/pawel4449/repos/6r/re-former/re-former/vendor/bundle/ruby/3.3.0/gems/date-3.5.1/ext/date
/home/pawel4449/.rbenv/versions/3.3.5/bin/ruby extconf.rb
checking for rb_category_warn()... yes
checking for timezone in time.h with  -Werror... yes
checking for altzone in time.h with  -Werror... no
creating Makefile

current directory: /home/pawel4449/repos/6r/re-former/re-former/vendor/bundle/ruby/3.3.0/gems/date-3.5.1/ext/date
make DESTDIR\= sitearchdir\=./.gem.20260525-7869-2hcr4u sitelibdir\=./.gem.20260525-7869-2hcr4u clean

current directory: /home/pawel4449/repos/6r/re-former/re-former/vendor/bundle/ruby/3.3.0/gems/date-3.5.1/ext/date
make DESTDIR\= sitearchdir\=./.gem.20260525-7869-2hcr4u sitelibdir\=./.gem.20260525-7869-2hcr4u
compiling date_core.c
compiling date_parse.c
compiling date_strftime.c
compiling date_strptime.c
linking shared-object date_core.so

current directory: /home/pawel4449/repos/6r/re-former/re-former/vendor/bundle/ruby/3.3.0/gems/date-3.5.1/ext/date
make DESTDIR\= sitearchdir\=./.gem.20260525-7869-2hcr4u sitelibdir\=./.gem.20260525-7869-2hcr4u install
/usr/bin/install -c -m 0755 date_core.so ./.gem.20260525-7869-2hcr4u

current directory: /home/pawel4449/repos/6r/re-former/re-former/vendor/bundle/ruby/3.3.0/gems/date-3.5.1/ext/date
make DESTDIR\= sitearchdir\=./.gem.20260525-7869-2hcr4u sitelibdir\=./.gem.20260525-7869-2hcr4u clean
